// Jest Snapshot v1, https://goo.gl/fbAQLP

exports[`component should render correctly 1`] = `"<div class=\\"field\\" id=\\"s0\\"><label class=\\"field_label\\" for=\\"s0-txtMoo\\">Moo</label><span class=\\"field_control field_control--textbox\\"><input class=\\"textbox\\" type=\\"text\\" placeholder=\\"E.g: cow\\" id=\\"s0-txtMoo\\"></span></div>"`;
